\BOOKMARK [1][-]{section.1}{\376\377\000P\000a\000r\000t\000\040\000I\000\040\040\024\000\040\000E\000C\000G\000-\000b\000a\000s\000e\000d\000\040\000i\000d\000e\000n\000t\000i\000f\000i\000c\000a\000t\000i\000o\000n}{}% 1
\BOOKMARK [2][-]{subsection.1.1}{\376\377\000P\000i\000p\000e\000l\000i\000n\000e}{section.1}% 2
\BOOKMARK [2][-]{subsection.1.2}{\376\377\000A\000n\000s\000w\000e\000r\000s\000\040\000t\000o\000\040\000t\000h\000e\000\040\000o\000v\000e\000r\000v\000i\000e\000w\000-\000s\000h\000e\000e\000t\000\040\000q\000u\000e\000s\000t\000i\000o\000n\000s}{section.1}% 3
\BOOKMARK [2][-]{subsection.1.3}{\376\377\000D\000e\000s\000i\000g\000n\000\040\000c\000h\000o\000i\000c\000e\000s\000\040\000n\000o\000t\000\040\000c\000o\000v\000e\000r\000e\000d\000\040\000b\000y\000\040\000t\000h\000e\000\040\000o\000v\000e\000r\000v\000i\000e\000w\000\040\000s\000h\000e\000e\000t}{section.1}% 4
\BOOKMARK [3][-]{subsubsection.1.3.1}{\376\377\000P\000a\000n\040\023\000T\000o\000m\000p\000k\000i\000n\000s\000\040\000p\000a\000r\000a\000m\000e\000t\000e\000r\000s\000,\000\040\000a\000n\000d\000\040\000h\000o\000w\000\040\000t\000h\000e\000\040\000d\000e\000t\000e\000c\000t\000o\000r\000\040\000w\000a\000s\000\040\000v\000a\000l\000i\000d\000a\000t\000e\000d}{subsection.1.3}% 5
\BOOKMARK [3][-]{subsubsection.1.3.2}{\376\377\000W\000i\000e\000n\000e\000r\000\040\000f\000i\000l\000t\000e\000r\000\040\000l\000e\000n\000g\000t\000h}{subsection.1.3}% 6
\BOOKMARK [3][-]{subsubsection.1.3.3}{\376\377\000T\000h\000e\000\040\000d\000e\000s\000i\000r\000e\000d\000-\000s\000i\000g\000n\000a\000l\000\040\000P\000S\000D\000\040\000m\000o\000d\000e\000l\000,\000\040\000a\000n\000d\000\040\000w\000h\000y\000\040\000t\000h\000e\000\040\000a\000v\000e\000r\000a\000g\000e\000d\000\040\000t\000e\000m\000p\000l\000a\000t\000e\000\040\000i\000s\000\040\000t\000h\000e\000\040\000r\000i\000g\000h\000t\000\040\000o\000n\000e}{subsection.1.3}% 7
\BOOKMARK [3][-]{subsubsection.1.3.4}{\376\377\000T\000h\000e\000\040\000a\000d\000d\000i\000t\000i\000o\000n\000a\000l\000\040\000B\000u\000t\000t\000e\000r\000w\000o\000r\000t\000h\000\040\000f\000i\000l\000t\000e\000r\000\040\000w\000a\000s\000\040\000r\000e\000m\000o\000v\000e\000d}{subsection.1.3}% 8
\BOOKMARK [3][-]{subsubsection.1.3.5}{\376\377\000F\000e\000a\000t\000u\000r\000e\000\040\000r\000e\000p\000r\000e\000s\000e\000n\000t\000a\000t\000i\000o\000n\000:\000\040\000c\000o\000e\000f\000f\000i\000c\000i\000e\000n\000t\000s\000,\000\040\000n\000o\000t\000\040\000s\000u\000b\000-\000b\000a\000n\000d\000\040\000e\000n\000e\000r\000g\000i\000e\000s}{subsection.1.3}% 9
\BOOKMARK [3][-]{subsubsection.1.3.6}{\376\377\000K\000-\000m\000e\000a\000n\000s\000\040\000s\000e\000t\000t\000i\000n\000g\000s\000\040\000a\000n\000d\000\040\000r\000u\000n\000-\000t\000o\000-\000r\000u\000n\000\040\000s\000t\000a\000b\000i\000l\000i\000t\000y}{subsection.1.3}% 10
\BOOKMARK [2][-]{subsection.1.4}{\376\377\000R\000e\000s\000u\000l\000t\000s}{section.1}% 11
\BOOKMARK [1][-]{section.2}{\376\377\000P\000a\000r\000t\000\040\000I\000I\000\040\040\024\000\040\000E\000E\000G\000-\000b\000a\000s\000e\000d\000\040\000s\000l\000e\000e\000p\000\040\000s\000t\000a\000g\000i\000n\000g}{}% 12
\BOOKMARK [2][-]{subsection.2.1}{\376\377\000P\000i\000p\000e\000l\000i\000n\000e}{section.2}% 13
\BOOKMARK [2][-]{subsection.2.2}{\376\377\000A\000n\000s\000w\000e\000r\000s\000\040\000t\000o\000\040\000t\000h\000e\000\040\000o\000v\000e\000r\000v\000i\000e\000w\000-\000s\000h\000e\000e\000t\000\040\000q\000u\000e\000s\000t\000i\000o\000n\000s}{section.2}% 14
\BOOKMARK [2][-]{subsection.2.3}{\376\377\000D\000e\000s\000i\000g\000n\000\040\000c\000h\000o\000i\000c\000e\000s\000\040\000n\000o\000t\000\040\000c\000o\000v\000e\000r\000e\000d\000\040\000b\000y\000\040\000t\000h\000e\000\040\000o\000v\000e\000r\000v\000i\000e\000w\000\040\000s\000h\000e\000e\000t}{section.2}% 15
\BOOKMARK [3][-]{subsubsection.2.3.1}{\376\377\000I\000C\000A\000:\000\040\000f\000i\000t\000t\000i\000n\000g\000\040\000d\000a\000t\000a\000,\000\040\000r\000e\000s\000h\000a\000p\000i\000n\000g\000,\000\040\000a\000n\000d\000\040\000h\000o\000w\000\040\000m\000u\000c\000h\000\040\000d\000a\000t\000a\000\040\000i\000s\000\040\000n\000e\000e\000d\000e\000d}{subsection.2.3}% 16
\BOOKMARK [3][-]{subsubsection.2.3.2}{\376\377\000A\000u\000t\000o\000m\000a\000t\000i\000c\000\040\000c\000o\000m\000p\000o\000n\000e\000n\000t\000\040\000s\000e\000l\000e\000c\000t\000i\000o\000n}{subsection.2.3}% 17
\BOOKMARK [3][-]{subsubsection.2.3.3}{\376\377\000T\000h\000e\000\040\000E\000M\000G\000\040\000c\000h\000a\000n\000n\000e\000l\000\040\000i\000s\000\040\000a\000n\000\040\000e\000n\000v\000e\000l\000o\000p\000e\000,\000\040\000n\000o\000t\000\040\000r\000a\000w\000\040\000E\000M\000G}{subsection.2.3}% 18
\BOOKMARK [3][-]{subsubsection.2.3.4}{\376\377\000F\000i\000l\000t\000e\000r\000\040\000d\000e\000s\000i\000g\000n}{subsection.2.3}% 19
\BOOKMARK [3][-]{subsubsection.2.3.5}{\376\377\000F\000e\000a\000t\000u\000r\000e\000\040\000e\000x\000t\000r\000a\000c\000t\000i\000o\000n}{subsection.2.3}% 20
\BOOKMARK [3][-]{subsubsection.2.3.6}{\376\377\000C\000r\000o\000s\000s\000-\000v\000a\000l\000i\000d\000a\000t\000i\000o\000n\000\040\000p\000r\000o\000t\000o\000c\000o\000l}{subsection.2.3}% 21
\BOOKMARK [3][-]{subsubsection.2.3.7}{\376\377\000V\000a\000l\000i\000d\000i\000t\000y\000\040\000o\000f\000\040\000t\000h\000e\000\040\000p\000e\000r\000-\000r\000e\000c\000o\000r\000d\000i\000n\000g\000\040\000n\000o\000r\000m\000a\000l\000i\000s\000a\000t\000i\000o\000n}{subsection.2.3}% 22
\BOOKMARK [2][-]{subsection.2.4}{\376\377\000A\000r\000e\000\040\000t\000h\000e\000\040\000r\000e\000s\000u\000l\000t\000s\000\040\000i\000n\000\040\000l\000i\000n\000e\000\040\000w\000i\000t\000h\000\040\000e\000x\000p\000e\000c\000t\000a\000t\000i\000o\000n\000s\000,\000\040\000a\000n\000d\000\040\000w\000h\000a\000t\000\040\000w\000o\000u\000l\000d\000\040\000i\000m\000p\000r\000o\000v\000e\000\040\000t\000h\000e\000m\000?}{section.2}% 23
\BOOKMARK [1][-]{section.3}{\376\377\000C\000h\000a\000n\000g\000e\000s\000\040\000w\000i\000t\000h\000\040\000r\000e\000s\000p\000e\000c\000t\000\040\000t\000o\000\040\000t\000h\000e\000\040\000f\000i\000r\000s\000t\000\040\000e\000x\000a\000m\000\040\000p\000e\000r\000i\000o\000d}{}% 24
